// Jest Snapshot v1, https://goo.gl/fbAQLP

exports[`Discussion component 1`] = `
<DocumentFragment>
  <div
    class="css-k8t4nn-Discussion"
  >
    <article
      class="css-1r23v7j-Discussion"
    >
      <section>
        <h3>
          La vida es bella
        </h3>
        <p>
          ideas sueltas
        </p>
      </section>
      <section
        class="css-jzwca5-Discussion"
      >
        <div
          class="css-m09smz-Discussion"
        >
          <p
            class="css-tf518i-Discussion"
          >
            by 
          </p>
          <p
            class="css-tf518i-Discussion"
          >
            6/13/2019, 4:50:18 PM
          </p>
        </div>
        <button
          class="css-1rr1zl2-ButtonCreateComment"
        >
          <div
            style="border: 0px; height: 1px; width: 1px; margin: -1px; padding: 0px; overflow: hidden; position: absolute;"
          >
            Create Comment
          </div>
          REPLY
        </button>
      </section>
    </article>
    <article>
      <h2
        class="css-1i71n9z-Discussion"
      >
        Comments
      </h2>
    </article>
  </div>
</DocumentFragment>
`;
