// Jest Snapshot v1, https://goo.gl/fbAQLP

exports[`Login Form on Submit 1`] = `
<DocumentFragment>
  <article
    class="css-k64h8a-Login"
  >
    <section
      class="css-bs9a00-Login"
    >
      <form
        class="css-gqlw54-Login"
      >
        <fieldset
          class="css-5pqgv6-Login"
        >
          <label
            for="user"
          >
            Username
          </label>
          <br />
          <input
            autocomplete="off"
            class="css-73r5xs-Login"
            id="user"
            placeholder="write login"
            required=""
            user="user"
            value=""
          />
        </fieldset>
        <fieldset
          class="css-5pqgv6-Login"
        >
          <label
            for="email"
          >
            Email
          </label>
          <br />
          <input
            autocomplete="off"
            class="css-73r5xs-Login"
            id="email"
            placeholder="write login"
            required=""
            type="email"
            value=""
          />
        </fieldset>
        <button
          class="css-12i28cd-Login"
          type="submit"
        >
          Login
        </button>
      </form>
    </section>
  </article>
</DocumentFragment>
`;
